// Jest Snapshot v1, https://goo.gl/fbAQLP

exports[`Test en component TodoApp Debe de mostrarte correctamente 1`] = `
<div>
  <h1>
    App ( 
    0
     )
  </h1>
  <hr />
  <div
    className="row"
  >
    <div
      className="col-7"
    >
      <TodoList
        handleDelete={[Function]}
        handleToogle={[Function]}
        handleUpdate={[Function]}
        todos={Array []}
      />
    </div>
    <div
      className="col-5"
    >
      <TodoAdd
        handleAddToDo={[Function]}
      />
    </div>
  </div>
</div>
`;
