// Jest Snapshot v1, https://goo.gl/fbAQLP

exports[`Test in component <TodoList />  Debe renderizar correctamente  1`] = `
<Fragment>
  <ul
    className="list-group"
  >
    <TodoListItem
      handleDelete={[MockFunction]}
      handleToogle={[MockFunction]}
      handleUpdate={[MockFunction]}
      i={0}
      key="1"
      todo={
        Object {
          "desc": "React",
          "done": false,
          "id": 1,
        }
      }
    />
    <TodoListItem
      handleDelete={[MockFunction]}
      handleToogle={[MockFunction]}
      handleUpdate={[MockFunction]}
      i={1}
      key="2"
      todo={
        Object {
          "desc": "Jest",
          "done": false,
          "id": 2,
        }
      }
    />
  </ul>
</Fragment>
`;
