// Jest Snapshot v1, https://goo.gl/fbAQLP

exports[`Test componet RealExampleUseRef Debe mostrarse correctamente  1`] = `
<div>
  <h1>
    Real Example useRef
  </h1>
  <hr />
  <button
    className="btn btn-outline-primary mt-3"
    onClick={[Function]}
  >
    true / false
  </button>
</div>
`;
