// Jest Snapshot v1, https://goo.gl/fbAQLP

exports[`Test to Component HookApp Snapshot Render component 1`] = `
<div>
  <MainApp />
</div>
`;
