// Jest Snapshot v1, https://goo.gl/fbAQLP

exports[`Test HomeScreen Debe renderizar 1`] = `
<div>
  <h1>
    Home Screen
  </h1>
  <pre>
    {
   "name": "Amaury",
   "email": "amaurysotog@gmail.com"
}
  </pre>
</div>
`;
