// Jest Snapshot v1, https://goo.gl/fbAQLP

exports[`Test en LoginScreen Debe renderizar 1`] = `
<div>
  <h1>
    Login
  </h1>
  <hr />
  <button
    className="btn btn-primary"
    onClick={[Function]}
  >
    Log in ðŸ˜„
  </button>
</div>
`;
